// Jest Snapshot v1, https://goo.gl/fbAQLP

exports[`render images should render images 1`] = `
<div>
  <img
    alt="Photo of user"
    src="https://reqres.in/img/faces/7-image.jpg"
  />
</div>
`;
