// Jest Snapshot v1, https://goo.gl/fbAQLP

exports[`typography component should render typography component 1`] = `
<div>
  <h1>
    List of Users
  </h1>
</div>
`;
